[2026-09-23T18:03:19.538Z] GET /test-error
[2026-09-23T18:03:30.533Z] GET /courses/1/related
[2026-09-23T18:14:22.301Z] PATCH /courses/1
[2026-09-23T18:14:34.156Z] PATCH /courses/1
[2026-09-23T18:14:40.134Z] PATCH /courses/1
[2026-09-23T18:16:49.821Z] GET /courses/stats
[2026-09-23T18:17:30.220Z] POST /courses
[2026-09-23T18:17:37.920Z] GET /courses/stats
[2026-09-23T18:20:22.077Z] GET /courses
[2026-09-23T18:20:41.286Z] GET /courses/2
[2026-09-23T18:20:46.911Z] PUT /courses/3
[2026-09-23T18:20:59.353Z] DELETE /courses/3
[2026-09-23T18:21:03.828Z] POST /courses
[2026-09-23T18:21:07.525Z] PUT /courses/2
[2026-09-23T18:21:11.808Z] GET /courses?search=backend-%D1%80%D0%B0%D0%B7%D1%80%D0%B0%D0%B1%D0%BE%D1%82%D0%BA%D0%B0
[2026-09-23T18:21:23.893Z] GET /courses?page=1&limit=2
[2026-09-23T18:21:34.815Z] PATCH /courses/1
[2026-09-23T18:21:53.862Z] GET /courses
[2026-09-23T18:23:19.956Z] POST /courses/bulk
[2026-09-23T18:23:27.510Z] GET /courses
[2026-09-23T18:23:36.177Z] GET /courses/stats
[2026-09-23T18:23:43.892Z] GET /courses/1/related
[2026-09-23T18:24:01.256Z] DELETE /courses
[2026-09-23T18:24:06.016Z] GET /courses
[2026-09-23T18:26:12.170Z] GET /courses
[2026-09-23T18:26:18.749Z] DELETE /courses/3
[2026-09-23T18:26:23.368Z] GET /courses
[2026-09-28T05:25:28.927Z] GET /courses
[2026-09-28T05:26:27.122Z] GET /courses/2
[2026-09-28T05:27:36.669Z] GET /courses?search=backend
[2026-09-28T05:28:13.831Z] GET /courses?sort=price&order=asc
[2026-09-28T05:28:43.328Z] GET /courses?sort=price&order=desc
[2026-09-28T05:28:54.760Z] GET /courses?sort=price&order=asc
[2026-09-28T05:29:09.926Z] GET /courses?page=1&limit=2
[2026-09-28T05:29:51.554Z] POST /courses
[2026-09-28T05:31:27.944Z] POST /courses
[2026-09-28T05:32:00.590Z] PUT /courses/3
[2026-09-28T05:33:02.379Z] PATCH /courses/1
[2026-09-28T05:33:27.517Z] PUT /courses/2
[2026-09-28T05:36:12.442Z] PUT /courses/2
[2026-09-28T05:37:33.732Z] POST /courses/bulk
[2026-09-28T05:37:58.922Z] GET /courses/stats
[2026-09-28T05:38:18.559Z] GET /courses/1/related
[2026-09-28T05:38:45.017Z] DELETE /courses/1
[2026-09-28T05:39:15.726Z] DELETE /courses
[2026-09-28T05:40:15.124Z] GET /courses/999
[2026-09-28T05:40:38.588Z] GET /hello
[2026-09-28T05:42:31.251Z] GET /test-500
